Archive member included to satisfy reference by file (symbol)

c:/program files (x86)/gnu arm embedded toolchain/9 2020-q2-update/bin/../lib/gcc/arm-none-eabi/9.3.1/../../../../arm-none-eabi/lib/thumb/v7-m/nofp\libc_nano.a(lib_a-exit.o)
                              c:/program files (x86)/gnu arm embedded toolchain/9 2020-q2-update/bin/../lib/gcc/arm-none-eabi/9.3.1/../../../../arm-none-eabi/lib/thumb/v7-m/nofp/crt0.o (exit)
c:/program files (x86)/gnu arm embedded toolchain/9 2020-q2-update/bin/../lib/gcc/arm-none-eabi/9.3.1/../../../../arm-none-eabi/lib/thumb/v7-m/nofp\libc_nano.a(lib_a-impure.o)
                              c:/program files (x86)/gnu arm embedded toolchain/9 2020-q2-update/bin/../lib/gcc/arm-none-eabi/9.3.1/../../../../arm-none-eabi/lib/thumb/v7-m/nofp\libc_nano.a(lib_a-exit.o) (_global_impure_ptr)
c:/program files (x86)/gnu arm embedded toolchain/9 2020-q2-update/bin/../lib/gcc/arm-none-eabi/9.3.1/../../../../arm-none-eabi/lib/thumb/v7-m/nofp\libc_nano.a(lib_a-init.o)
                              c:/program files (x86)/gnu arm embedded toolchain/9 2020-q2-update/bin/../lib/gcc/arm-none-eabi/9.3.1/../../../../arm-none-eabi/lib/thumb/v7-m/nofp/crt0.o (__libc_init_array)
c:/program files (x86)/gnu arm embedded toolchain/9 2020-q2-update/bin/../lib/gcc/arm-none-eabi/9.3.1/../../../../arm-none-eabi/lib/thumb/v7-m/nofp\libc_nano.a(lib_a-memset.o)
                              c:/program files (x86)/gnu arm embedded toolchain/9 2020-q2-update/bin/../lib/gcc/arm-none-eabi/9.3.1/../../../../arm-none-eabi/lib/thumb/v7-m/nofp/crt0.o (memset)
c:/program files (x86)/gnu arm embedded toolchain/9 2020-q2-update/bin/../lib/gcc/arm-none-eabi/9.3.1/../../../../arm-none-eabi/lib/thumb/v7-m/nofp\libc_nano.a(lib_a-strncmp.o)
                              build/main.o (strncmp)
c:/program files (x86)/gnu arm embedded toolchain/9 2020-q2-update/bin/../lib/gcc/arm-none-eabi/9.3.1/../../../../arm-none-eabi/lib/thumb/v7-m/nofp\libc_nano.a(lib_a-strstr.o)
                              build/main.o (strstr)
c:/program files (x86)/gnu arm embedded toolchain/9 2020-q2-update/bin/../lib/gcc/arm-none-eabi/9.3.1/../../../../arm-none-eabi/lib/thumb/v7-m/nofp\libnosys.a(_exit.o)
                              c:/program files (x86)/gnu arm embedded toolchain/9 2020-q2-update/bin/../lib/gcc/arm-none-eabi/9.3.1/../../../../arm-none-eabi/lib/thumb/v7-m/nofp\libc_nano.a(lib_a-exit.o) (_exit)
c:/program files (x86)/gnu arm embedded toolchain/9 2020-q2-update/bin/../lib/gcc/arm-none-eabi/9.3.1/thumb/v7-m/nofp\libgcc.a(_arm_mulsf3.o)
                              build/main.o (__aeabi_fmul)
c:/program files (x86)/gnu arm embedded toolchain/9 2020-q2-update/bin/../lib/gcc/arm-none-eabi/9.3.1/thumb/v7-m/nofp\libgcc.a(_arm_addsubsf3.o)
                              build/main.o (__aeabi_fsub)
c:/program files (x86)/gnu arm embedded toolchain/9 2020-q2-update/bin/../lib/gcc/arm-none-eabi/9.3.1/thumb/v7-m/nofp\libgcc.a(_arm_fixsfsi.o)
                              build/main.o (__aeabi_f2iz)

Allocating common symbols
Common symbol       size              file

ptr                 0x4               build/main.o
rev1                0x1               build/main.o
i                   0x1               build/main.o
buffer              0x5a              build/main.o
xbuffer             0x1               build/main.o
new_sms             0x4               build/main.o
rev2                0x1               build/main.o
rev                 0x1               build/main.o
rev4                0x1               build/main.o
rev3                0x1               build/main.o

Discarded input sections

 .text          0x00000000        0x0 c:/program files (x86)/gnu arm embedded toolchain/9 2020-q2-update/bin/../lib/gcc/arm-none-eabi/9.3.1/thumb/v7-m/nofp/crti.o
 .data          0x00000000        0x0 c:/program files (x86)/gnu arm embedded toolchain/9 2020-q2-update/bin/../lib/gcc/arm-none-eabi/9.3.1/thumb/v7-m/nofp/crti.o
 .bss           0x00000000        0x0 c:/program files (x86)/gnu arm embedded toolchain/9 2020-q2-update/bin/../lib/gcc/arm-none-eabi/9.3.1/thumb/v7-m/nofp/crti.o
 .data          0x00000000        0x4 c:/program files (x86)/gnu arm embedded toolchain/9 2020-q2-update/bin/../lib/gcc/arm-none-eabi/9.3.1/thumb/v7-m/nofp/crtbegin.o
 .text          0x00000000       0x7c c:/program files (x86)/gnu arm embedded toolchain/9 2020-q2-update/bin/../lib/gcc/arm-none-eabi/9.3.1/../../../../arm-none-eabi/lib/thumb/v7-m/nofp/crt0.o
 .data          0x00000000        0x0 c:/program files (x86)/gnu arm embedded toolchain/9 2020-q2-update/bin/../lib/gcc/arm-none-eabi/9.3.1/../../../../arm-none-eabi/lib/thumb/v7-m/nofp/crt0.o
 .bss           0x00000000        0x0 c:/program files (x86)/gnu arm embedded toolchain/9 2020-q2-update/bin/../lib/gcc/arm-none-eabi/9.3.1/../../../../arm-none-eabi/lib/thumb/v7-m/nofp/crt0.o
[...]
Memory Configuration

Name             Origin             Length             Attributes
RAM              0x20000000         0x00005000         xrw
FLASH            0x08000000         0x00010000         xr
*default*        0x00000000         0xffffffff

Linker script and memory map

LOAD c:/program files (x86)/gnu arm embedded toolchain/9 2020-q2-update/bin/../lib/gcc/arm-none-eabi/9.3.1/thumb/v7-m/nofp/crti.o
LOAD c:/program files (x86)/gnu arm embedded toolchain/9 2020-q2-update/bin/../lib/gcc/arm-none-eabi/9.3.1/thumb/v7-m/nofp/crtbegin.o
LOAD c:/program files (x86)/gnu arm embedded toolchain/9 2020-q2-update/bin/../lib/gcc/arm-none-eabi/9.3.1/../../../../arm-none-eabi/lib/thumb/v7-m/nofp/crt0.o
LOAD build/main.o
LOAD build/stm32f10x_it.o
LOAD build/system_stm32f10x.o
LOAD build/misc.o
LOAD build/stm32f10x_gpio.o
LOAD build/stm32f10x_rcc.o
LOAD build/stm32f10x_usart.o
LOAD build/stm32f10x_tim.o
LOAD build/stm32f10x_adc.o
LOAD build/startup_stm32f103xb.o
LOAD c:/program files (x86)/gnu arm embedded toolchain/9 2020-q2-update/bin/../lib/gcc/arm-none-eabi/9.3.1/../../../../arm-none-eabi/lib/thumb/v7-m/nofp\libc_nano.a
LOAD c:/program files (x86)/gnu arm embedded toolchain/9 2020-q2-update/bin/../lib/gcc/arm-none-eabi/9.3.1/../../../../arm-none-eabi/lib/thumb/v7-m/nofp\libm.a
LOAD c:/program files (x86)/gnu arm embedded toolchain/9 2020-q2-update/bin/../lib/gcc/arm-none-eabi/9.3.1/../../../../arm-none-eabi/lib/thumb/v7-m/nofp\libnosys.a
START GROUP
LOAD c:/program files (x86)/gnu arm embedded toolchain/9 2020-q2-update/bin/../lib/gcc/arm-none-eabi/9.3.1/thumb/v7-m/nofp\libgcc.a
LOAD c:/program files (x86)/gnu arm embedded toolchain/9 2020-q2-update/bin/../lib/gcc/arm-none-eabi/9.3.1/../../../../arm-none-eabi/lib/thumb/v7-m/nofp\libc_nano.a
END GROUP
START GROUP
LOAD c:/program files (x86)/gnu arm embedded toolchain/9 2020-q2-update/bin/../lib/gcc/arm-none-eabi/9.3.1/thumb/v7-m/nofp\libgcc.a
LOAD c:/program files (x86)/gnu arm embedded toolchain/9 2020-q2-update/bin/../lib/gcc/arm-none-eabi/9.3.1/../../../../arm-none-eabi/lib/thumb/v7-m/nofp\libc_nano.a
END GROUP
LOAD c:/program files (x86)/gnu arm embedded toolchain/9 2020-q2-update/bin/../lib/gcc/arm-none-eabi/9.3.1/thumb/v7-m/nofp/crtend.o
LOAD c:/program files (x86)/gnu arm embedded toolchain/9 2020-q2-update/bin/../lib/gcc/arm-none-eabi/9.3.1/thumb/v7-m/nofp/crtn.o
                0x20005000                _estack = 0x20005000
                0x00000200                _Min_Heap_Size = 0x200
                0x00000400                _Min_Stack_Size = 0x400

.isr_vector     0x08000000      0x10c
                0x08000000                . = ALIGN (0x4)
 *(.isr_vector)
 .isr_vector    0x08000000      0x10c build/startup_stm32f103xb.o
                0x08000000                g_pfnVectors
                0x0800010c                . = ALIGN (0x4)

.text           0x0800010c     0x1ddc
                0x0800010c                . = ALIGN (0x4)
 *(.text)
 .text          0x0800010c       0x40 c:/program files (x86)/gnu arm embedded toolchain/9 2020-q2-update/bin/../lib/gcc/arm-none-eabi/9.3.1/thumb/v7-m/nofp/crtbegin.o
 .text          0x0800014c      0x168 c:/program files (x86)/gnu arm embedded toolchain/9 2020-q2-update/bin/../lib/gcc/arm-none-eabi/9.3.1/thumb/v7-m/nofp\libgcc.a(_arm_mulsf3.o)
                0x0800014c                __aeabi_fmul
                0x0800014c                __mulsf3
 .text          0x080002b4      0x21c c:/program files (x86)/gnu arm embedded toolchain/9 2020-q2-update/bin/../lib/gcc/arm-none-eabi/9.3.1/thumb/v7-m/nofp\libgcc.a(_arm_addsubsf3.o)
                0x080002b4                __aeabi_frsub
                0x080002bc                __subsf3
                0x080002bc                __aeabi_fsub
                0x080002c0                __aeabi_fadd
                0x080002c0                __addsf3
                0x08000420                __aeabi_ui2f
                0x08000420                __floatunsisf
                0x08000428                __aeabi_i2f
                0x08000428                __floatsisf
                0x08000444                __aeabi_ul2f
                0x08000444                __floatundisf
                0x08000454                __aeabi_l2f
                0x08000454                __floatdisf
 .text          0x080004d0       0x4c c:/program files (x86)/gnu arm embedded toolchain/9 2020-q2-update/bin/../lib/gcc/arm-none-eabi/9.3.1/thumb/v7-m/nofp\libgcc.a(_arm_fixsfsi.o)
                0x080004d0                __aeabi_f2iz
                0x080004d0                __fixsfsi
 *(.text*)
 .text.delay1ms
                0x0800051c       0x26 build/main.o
                0x0800051c                delay1ms
 .text.delayms  0x08000542       0x24 build/main.o
                0x08000542                delayms
 *fill*         0x08000566        0x2 
 .text.UART_Write
                0x08000568       0x34 build/main.o
                0x08000568                UART_Write
 .text.UART_Write_Text
                0x0800059c       0x38 build/main.o
                0x0800059c                UART_Write_Text
 .text.send_sms
                0x080005d4       0x60 build/main.o
                0x080005d4                send_sms
 .text.ATinit   0x08000634       0x98 build/main.o
                0x08000634                ATinit
 .text.USART2_IRQHandler
                0x080006cc       0xd4 build/main.o
                0x080006cc                USART2_IRQHandler
 .text.clear_buffer
                0x080007a0       0x40 build/main.o
                0x080007a0                clear_buffer
 .text.delete_sms
                0x080007e0       0x1c build/main.o
                0x080007e0                delete_sms
 .text.reverse  0x080007fc       0x5c build/main.o
                0x080007fc                reverse
 .text.intToStr
                0x08000858       0x90 build/main.o
                0x08000858                intToStr
 .text.mypow    0x080008e8       0x38 build/main.o
                0x080008e8                mypow
 .text.ftos     0x08000920       0x82 build/main.o
                0x08000920                ftos
 *fill*         0x080009a2        0x2 
 .text.main     0x080009a4      0x5ac build/main.o
                0x080009a4                main
 .text.NMI_Handler
                0x08000f50        0xc build/stm32f10x_it.o
                0x08000f50                NMI_Handler
 .text.HardFault_Handler
                0x08000f5c        0x6 build/stm32f10x_it.o
                0x08000f5c                HardFault_Handler
 .text.MemManage_Handler
                0x08000f62        0x6 build/stm32f10x_it.o
                0x08000f62                MemManage_Handler
 .text.BusFault_Handler
                0x08000f68        0x6 build/stm32f10x_it.o
                0x08000f68                BusFault_Handler
 .text.UsageFault_Handler
                0x08000f6e        0x6 build/stm32f10x_it.o
                0x08000f6e                UsageFault_Handler
 .text.SVC_Handler
                0x08000f74        0xc build/stm32f10x_it.o
                0x08000f74                SVC_Handler
 .text.DebugMon_Handler
                0x08000f80        0xc build/stm32f10x_it.o
                0x08000f80                DebugMon_Handler
 .text.PendSV_Handler
                0x08000f8c        0xc build/stm32f10x_it.o
                0x08000f8c                PendSV_Handler
 .text.SysTick_Handler
                0x08000f98        0xc build/stm32f10x_it.o
                0x08000f98                SysTick_Handler
 .text.SystemInit
                0x08000fa4       0x68 build/system_stm32f10x.o
                0x08000fa4                SystemInit
 .text.SetSysClock
                0x0800100c        0xc build/system_stm32f10x.o
 .text.SetSysClockTo72
                0x08001018      0x100 build/system_stm32f10x.o
 .text.NVIC_Init
                0x08001118       0xc4 build/misc.o
                0x08001118                NVIC_Init
 .text.GPIO_Init
                0x080011dc      0x178 build/stm32f10x_gpio.o
                0x080011dc                GPIO_Init
 .text.GPIO_ReadInputDataBit
                0x08001354       0x32 build/stm32f10x_gpio.o
                0x08001354                GPIO_ReadInputDataBit
 .text.GPIO_SetBits
                0x08001386       0x1c build/stm32f10x_gpio.o
                0x08001386                GPIO_SetBits
 .text.GPIO_ResetBits
                0x080013a2       0x1c build/stm32f10x_gpio.o
                0x080013a2                GPIO_ResetBits
 *fill*         0x080013be        0x2 
 .text.RCC_GetClocksFreq
                0x080013c0      0x16c build/stm32f10x_rcc.o
                0x080013c0                RCC_GetClocksFreq
 .text.RCC_APB2PeriphClockCmd
                0x0800152c       0x3c build/stm32f10x_rcc.o
                0x0800152c                RCC_APB2PeriphClockCmd
 .text.RCC_APB1PeriphClockCmd
                0x08001568       0x3c build/stm32f10x_rcc.o
                0x08001568                RCC_APB1PeriphClockCmd
 .text.USART_Init
                0x080015a4      0x174 build/stm32f10x_usart.o
                0x080015a4                USART_Init
 .text.USART_Cmd
                0x08001718       0x3e build/stm32f10x_usart.o
                0x08001718                USART_Cmd
 .text.USART_ITConfig
                0x08001756       0x8e build/stm32f10x_usart.o
                0x08001756                USART_ITConfig
 .text.USART_SendData
                0x080017e4       0x22 build/stm32f10x_usart.o
                0x080017e4                USART_SendData
 .text.USART_GetFlagStatus
                0x08001806       0x36 build/stm32f10x_usart.o
                0x08001806                USART_GetFlagStatus
 .text.USART_GetITStatus
                0x0800183c       0xb4 build/stm32f10x_usart.o
                0x0800183c                USART_GetITStatus
 .text.TIM_TimeBaseInit
                0x080018f0       0xf8 build/stm32f10x_tim.o
                0x080018f0                TIM_TimeBaseInit
 .text.TIM_Cmd  0x080019e8       0x3e build/stm32f10x_tim.o
                0x080019e8                TIM_Cmd
 .text.TIM_SetCounter
                0x08001a26       0x1c build/stm32f10x_tim.o
                0x08001a26                TIM_SetCounter
 .text.TIM_GetCounter
                0x08001a42       0x18 build/stm32f10x_tim.o
                0x08001a42                TIM_GetCounter
 *fill*         0x08001a5a        0x2 
 .text.ADC_Init
                0x08001a5c       0xa4 build/stm32f10x_adc.o
                0x08001a5c                ADC_Init
 .text.ADC_Cmd  0x08001b00       0x36 build/stm32f10x_adc.o
                0x08001b00                ADC_Cmd
 .text.ADC_ResetCalibration
                0x08001b36       0x1e build/stm32f10x_adc.o
                0x08001b36                ADC_ResetCalibration
 .text.ADC_GetResetCalibrationStatus
                0x08001b54       0x2e build/stm32f10x_adc.o
                0x08001b54                ADC_GetResetCalibrationStatus
 .text.ADC_StartCalibration
                0x08001b82       0x1e build/stm32f10x_adc.o
                0x08001b82                ADC_StartCalibration
 .text.ADC_GetCalibrationStatus
                0x08001ba0       0x2e build/stm32f10x_adc.o
                0x08001ba0                ADC_GetCalibrationStatus
 .text.ADC_SoftwareStartConvCmd
                0x08001bce       0x36 build/stm32f10x_adc.o
                0x08001bce                ADC_SoftwareStartConvCmd
 .text.ADC_RegularChannelConfig
                0x08001c04      0x192 build/stm32f10x_adc.o
                0x08001c04                ADC_RegularChannelConfig
 .text.ADC_GetConversionValue
                0x08001d96       0x18 build/stm32f10x_adc.o
                0x08001d96                ADC_GetConversionValue
 *fill*         0x08001dae        0x2 
 .text.ADC_TempSensorVrefintCmd
                0x08001db0       0x38 build/stm32f10x_adc.o
                0x08001db0                ADC_TempSensorVrefintCmd
 .text.Reset_Handler
                0x08001de8       0x48 build/startup_stm32f103xb.o
                0x08001de8                Reset_Handler
 .text.Default_Handler
                0x08001e30        0x2 build/startup_stm32f103xb.o
                0x08001e30                RTC_Alarm_IRQHandler
                0x08001e30                EXTI2_IRQHandler
                0x08001e30                TIM1_CC_IRQHandler
                0x08001e30                PVD_IRQHandler
                0x08001e30                EXTI3_IRQHandler
                0x08001e30                EXTI0_IRQHandler
                0x08001e30                I2C2_EV_IRQHandler
                0x08001e30                ADC1_2_IRQHandler
                0x08001e30                SPI1_IRQHandler
                0x08001e30                TAMPER_IRQHandler
                0x08001e30                DMA1_Channel4_IRQHandler
                0x08001e30                USART3_IRQHandler
                0x08001e30                RTC_IRQHandler
                0x08001e30                DMA1_Channel7_IRQHandler
                0x08001e30                CAN1_RX1_IRQHandler
                0x08001e30                TIM4_IRQHandler
                0x08001e30                I2C1_EV_IRQHandler
                0x08001e30                DMA1_Channel6_IRQHandler
                0x08001e30                TIM3_IRQHandler
                0x08001e30                RCC_IRQHandler
                0x08001e30                TIM1_TRG_COM_IRQHandler
                0x08001e30                DMA1_Channel1_IRQHandler
                0x08001e30                Default_Handler
                0x08001e30                EXTI15_10_IRQHandler
                0x08001e30                EXTI9_5_IRQHandler
                0x08001e30                SPI2_IRQHandler
                0x08001e30                DMA1_Channel5_IRQHandler
                0x08001e30                EXTI4_IRQHandler
                0x08001e30                USB_LP_CAN1_RX0_IRQHandler
                0x08001e30                USB_HP_CAN1_TX_IRQHandler
                0x08001e30                DMA1_Channel3_IRQHandler
                0x08001e30                TIM1_UP_IRQHandler
                0x08001e30                WWDG_IRQHandler
                0x08001e30                TIM2_IRQHandler
                0x08001e30                TIM1_BRK_IRQHandler
                0x08001e30                EXTI1_IRQHandler
                0x08001e30                I2C2_ER_IRQHandler
                0x08001e30                DMA1_Channel2_IRQHandler
                0x08001e30                CAN1_SCE_IRQHandler
                0x08001e30                FLASH_IRQHandler
                0x08001e30                USART1_IRQHandler
                0x08001e30                I2C1_ER_IRQHandler
                0x08001e30                USBWakeUp_IRQHandler
 *fill*         0x08001e32        0x2 
 .text.__libc_init_array
                0x08001e34       0x48 c:/program files (x86)/gnu arm embedded toolchain/9 2020-q2-update/bin/../lib/gcc/arm-none-eabi/9.3.1/../../../../arm-none-eabi/lib/thumb/v7-m/nofp\libc_nano.a(lib_a-init.o)
                0x08001e34                __libc_init_array
 .text.strncmp  0x08001e7c       0x24 c:/program files (x86)/gnu arm embedded toolchain/9 2020-q2-update/bin/../lib/gcc/arm-none-eabi/9.3.1/../../../../arm-none-eabi/lib/thumb/v7-m/nofp\libc_nano.a(lib_a-strncmp.o)
                0x08001e7c                strncmp
 .text.strstr   0x08001ea0       0x2e c:/program files (x86)/gnu arm embedded toolchain/9 2020-q2-update/bin/../lib/gcc/arm-none-eabi/9.3.1/../../../../arm-none-eabi/lib/thumb/v7-m/nofp\libc_nano.a(lib_a-strstr.o)
                0x08001ea0                strstr
 *(.glue_7)
 .glue_7        0x08001ece        0x0 linker stubs
 *(.glue_7t)
 .glue_7t       0x08001ece        0x0 linker stubs
 *(.eh_frame)
 *fill*         0x08001ece        0x2 
 .eh_frame      0x08001ed0        0x0 c:/program files (x86)/gnu arm embedded toolchain/9 2020-q2-update/bin/../lib/gcc/arm-none-eabi/9.3.1/thumb/v7-m/nofp/crtbegin.o
 *(.init)
 .init          0x08001ed0        0x4 c:/program files (x86)/gnu arm embedded toolchain/9 2020-q2-update/bin/../lib/gcc/arm-none-eabi/9.3.1/thumb/v7-m/nofp/crti.o
                0x08001ed0                _init
 .init          0x08001ed4        0x8 c:/program files (x86)/gnu arm embedded toolchain/9 2020-q2-update/bin/../lib/gcc/arm-none-eabi/9.3.1/thumb/v7-m/nofp/crtn.o
 *(.fini)
 .fini          0x08001edc        0x4 c:/program files (x86)/gnu arm embedded toolchain/9 2020-q2-update/bin/../lib/gcc/arm-none-eabi/9.3.1/thumb/v7-m/nofp/crti.o
                0x08001edc                _fini
 .fini          0x08001ee0        0x8 c:/program files (x86)/gnu arm embedded toolchain/9 2020-q2-update/bin/../lib/gcc/arm-none-eabi/9.3.1/thumb/v7-m/nofp/crtn.o
                0x08001ee8                . = ALIGN (0x4)
                0x08001ee8                _etext = .

.vfp11_veneer   0x08001ee8        0x0
 .vfp11_veneer  0x08001ee8        0x0 linker stubs

.v4_bx          0x08001ee8        0x0
 .v4_bx         0x08001ee8        0x0 linker stubs

.iplt           0x08001ee8        0x0
 .iplt          0x08001ee8        0x0 c:/program files (x86)/gnu arm embedded toolchain/9 2020-q2-update/bin/../lib/gcc/arm-none-eabi/9.3.1/thumb/v7-m/nofp/crtbegin.o

.rodata         0x08001ee8      0x234
                0x08001ee8                . = ALIGN (0x4)
 *(.rodata)
 .rodata        0x08001ee8      0x234 build/main.o
 *(.rodata*)
                0x0800211c                . = ALIGN (0x4)

.rel.dyn        0x0800211c        0x0
 .rel.iplt      0x0800211c        0x0 c:/program files (x86)/gnu arm embedded toolchain/9 2020-q2-update/bin/../lib/gcc/arm-none-eabi/9.3.1/thumb/v7-m/nofp/crtbegin.o

.ARM.extab
 *(.ARM.extab* .gnu.linkonce.armextab.*)

.ARM            0x0800211c        0x0
                0x0800211c                __exidx_start = .
 *(.ARM.exidx*)
                0x0800211c                __exidx_end = .

.preinit_array  0x0800211c        0x0
                0x0800211c                PROVIDE (__preinit_array_start = .)
 *(.preinit_array*)
                0x0800211c                PROVIDE (__preinit_array_end = .)

.init_array     0x0800211c        0x4
                0x0800211c                PROVIDE (__init_array_start = .)
 *(SORT_BY_NAME(.init_array.*))
 *(.init_array*)
 .init_array    0x0800211c        0x4 c:/program files (x86)/gnu arm embedded toolchain/9 2020-q2-update/bin/../lib/gcc/arm-none-eabi/9.3.1/thumb/v7-m/nofp/crtbegin.o
                0x08002120                PROVIDE (__init_array_end = .)

.fini_array     0x08002120        0x4
                [!provide]                PROVIDE (__fini_array_start = .)
 *(SORT_BY_NAME(.fini_array.*))
 *(.fini_array*)
 .fini_array    0x08002120        0x4 c:/program files (x86)/gnu arm embedded toolchain/9 2020-q2-update/bin/../lib/gcc/arm-none-eabi/9.3.1/thumb/v7-m/nofp/crtbegin.o
                [!provide]                PROVIDE (__fini_array_end = .)
                0x08002124                _sidata = LOADADDR (.data)

.data           0x20000000       0x14 load address 0x08002124
                0x20000000                . = ALIGN (0x4)
                0x20000000                _sdata = .
 *(.data)
 *(.data*)
 .data.APBAHBPrescTable
                0x20000000       0x10 build/stm32f10x_rcc.o
 .data.ADCPrescTable
                0x20000010        0x4 build/stm32f10x_rcc.o
                0x20000014                . = ALIGN (0x4)
                0x20000014                _edata = .

.igot.plt       0x20000014        0x0 load address 0x08002138
 .igot.plt      0x20000014        0x0 c:/program files (x86)/gnu arm embedded toolchain/9 2020-q2-update/bin/../lib/gcc/arm-none-eabi/9.3.1/thumb/v7-m/nofp/crtbegin.o
                0x20000014                . = ALIGN (0x4)

.bss            0x20000014       0x88 load address 0x08002138
                0x20000014                _sbss = .
                0x20000014                __bss_start__ = _sbss
 *(.bss)
 .bss           0x20000014       0x1c c:/program files (x86)/gnu arm embedded toolchain/9 2020-q2-update/bin/../lib/gcc/arm-none-eabi/9.3.1/thumb/v7-m/nofp/crtbegin.o
 *(.bss*)
 *(COMMON)
 COMMON         0x20000030       0x6c build/main.o
                0x20000030                ptr
                0x20000034                rev1
                0x20000035                i
                0x20000038                buffer
                0x20000092                xbuffer
                0x20000094                new_sms
                0x20000098                rev2
                0x20000099                rev
                0x2000009a                rev4
                0x2000009b                rev3
                0x2000009c                . = ALIGN (0x4)
                0x2000009c                _ebss = .
                0x2000009c                __bss_end__ = _ebss

._user_heap_stack
                0x2000009c      0x604 load address 0x08002138
                0x200000a0                . = ALIGN (0x8)
 *fill*         0x2000009c        0x4 
                [!provide]                PROVIDE (end = .)
                [!provide]                PROVIDE (_end = .)
                0x200002a0                . = (. + _Min_Heap_Size)
 *fill*         0x200000a0      0x200 
                0x200006a0                . = (. + _Min_Stack_Size)
 *fill*         0x200002a0      0x400 
                0x200006a0                . = ALIGN (0x8)

/DISCARD/
 libc.a(*)
 libm.a(*)
 libgcc.a(*)

.ARM.attributes
                0x00000000       0x29
 *(.ARM.attributes)
 .ARM.attributes
                0x00000000       0x1d c:/program files (x86)/gnu arm embedded toolchain/9 2020-q2-update/bin/../lib/gcc/arm-none-eabi/9.3.1/thumb/v7-m/nofp/crti.o
 .ARM.attributes
                0x0000001d       0x2d c:/program files (x86)/gnu arm embedded toolchain/9 2020-q2-update/bin/../lib/gcc/arm-none-eabi/9.3.1/thumb/v7-m/nofp/crtbegin.o
 .ARM.attributes
                0x0000004a       0x2d build/main.o
 .ARM.attributes
                0x00000077       0x2d build/stm32f10x_it.o
 .ARM.attributes
                0x000000a4       0x2d build/system_stm32f10x.o
 .ARM.attributes
                0x000000d1       0x2d build/misc.o
 .ARM.attributes
                0x000000fe       0x2d build/stm32f10x_gpio.o
 .ARM.attributes
                0x0000012b       0x2d build/stm32f10x_rcc.o
 .ARM.attributes
                0x00000158       0x2d build/stm32f10x_usart.o
 .ARM.attributes
                0x00000185       0x2d build/stm32f10x_tim.o
 .ARM.attributes
                0x000001b2       0x2d build/stm32f10x_adc.o
 .ARM.attributes
                0x000001df       0x21 build/startup_stm32f103xb.o
 .ARM.attributes
                0x00000200       0x2d c:/program files (x86)/gnu arm embedded toolchain/9 2020-q2-update/bin/../lib/gcc/arm-none-eabi/9.3.1/../../../../arm-none-eabi/lib/thumb/v7-m/nofp\libc_nano.a(lib_a-init.o)
 .ARM.attributes
                0x0000022d       0x2d c:/program files (x86)/gnu arm embedded toolchain/9 2020-q2-update/bin/../lib/gcc/arm-none-eabi/9.3.1/../../../../arm-none-eabi/lib/thumb/v7-m/nofp\libc_nano.a(lib_a-strncmp.o)
 .ARM.attributes
                0x0000025a       0x2d c:/program files (x86)/gnu arm embedded toolchain/9 2020-q2-update/bin/../lib/gcc/arm-none-eabi/9.3.1/../../../../arm-none-eabi/lib/thumb/v7-m/nofp\libc_nano.a(lib_a-strstr.o)
 .ARM.attributes
                0x00000287       0x1d c:/program files (x86)/gnu arm embedded toolchain/9 2020-q2-update/bin/../lib/gcc/arm-none-eabi/9.3.1/thumb/v7-m/nofp\libgcc.a(_arm_mulsf3.o)
 .ARM.attributes
                0x000002a4       0x1d c:/program files (x86)/gnu arm embedded toolchain/9 2020-q2-update/bin/../lib/gcc/arm-none-eabi/9.3.1/thumb/v7-m/nofp\libgcc.a(_arm_addsubsf3.o)
 .ARM.attributes
                0x000002c1       0x1d c:/program files (x86)/gnu arm embedded toolchain/9 2020-q2-update/bin/../lib/gcc/arm-none-eabi/9.3.1/thumb/v7-m/nofp\libgcc.a(_arm_fixsfsi.o)
 .ARM.attributes
                0x000002de       0x1d c:/program files (x86)/gnu arm embedded toolchain/9 2020-q2-update/bin/../lib/gcc/arm-none-eabi/9.3.1/thumb/v7-m/nofp/crtn.o
OUTPUT(build/template.elf elf32-littlearm)
LOAD linker stubs
LOAD c:/program files (x86)/gnu arm embedded toolchain/9 2020-q2-update/bin/../lib/gcc/arm-none-eabi/9.3.1/../../../../arm-none-eabi/lib/thumb/v7-m/nofp\libc.a
LOAD c:/program files (x86)/gnu arm embedded toolchain/9 2020-q2-update/bin/../lib/gcc/arm-none-eabi/9.3.1/../../../../arm-none-eabi/lib/thumb/v7-m/nofp\libm.a
LOAD c:/program files (x86)/gnu arm embedded toolchain/9 2020-q2-update/bin/../lib/gcc/arm-none-eabi/9.3.1/thumb/v7-m/nofp\libgcc.a

.debug_info     0x00000000     0x7002
 .debug_info    0x00000000     0x1837 build/main.o
 .debug_info    0x00001837      0x191 build/stm32f10x_it.o
 .debug_info    0x000019c8      0x54c build/system_stm32f10x.o
 .debug_info    0x00001f14      0x60a build/misc.o
 .debug_info    0x0000251e      0x7e4 build/stm32f10x_gpio.o
 .debug_info    0x00002d02      0x9ef build/stm32f10x_rcc.o
 .debug_info    0x000036f1      0xb64 build/stm32f10x_usart.o
 .debug_info    0x00004255     0x206b build/stm32f10x_tim.o
 .debug_info    0x000062c0      0xd20 build/stm32f10x_adc.o
 .debug_info    0x00006fe0       0x22 build/startup_stm32f103xb.o

.debug_abbrev   0x00000000     0x1079
 .debug_abbrev  0x00000000      0x350 build/main.o
 .debug_abbrev  0x00000350       0x82 build/stm32f10x_it.o
 .debug_abbrev  0x000003d2      0x192 build/system_stm32f10x.o
 .debug_abbrev  0x00000564      0x176 build/misc.o
 .debug_abbrev  0x000006da      0x211 build/stm32f10x_gpio.o
 .debug_abbrev  0x000008eb      0x1fb build/stm32f10x_rcc.o
 .debug_abbrev  0x00000ae6      0x1b9 build/stm32f10x_usart.o
 .debug_abbrev  0x00000c9f      0x1f1 build/stm32f10x_tim.o
 .debug_abbrev  0x00000e90      0x1d7 build/stm32f10x_adc.o
 .debug_abbrev  0x00001067       0x12 build/startup_stm32f103xb.o

.debug_loc      0x00000000     0x51de
 .debug_loc     0x00000000      0x416 build/main.o
 .debug_loc     0x00000416      0x204 build/stm32f10x_it.o
 .debug_loc     0x0000061a      0x110 build/system_stm32f10x.o
 .debug_loc     0x0000072a      0x1cc build/misc.o
 .debug_loc     0x000008f6      0x63c build/stm32f10x_gpio.o
 .debug_loc     0x00000f32      0xb2c build/stm32f10x_rcc.o
 .debug_loc     0x00001a5e      0xa54 build/stm32f10x_usart.o
 .debug_loc     0x000024b2     0x2060 build/stm32f10x_tim.o
 .debug_loc     0x00004512      0xccc build/stm32f10x_adc.o

.debug_aranges  0x00000000      0x878
 .debug_aranges
                0x00000000       0x90 build/main.o
 .debug_aranges
                0x00000090       0x60 build/stm32f10x_it.o
 .debug_aranges
                0x000000f0       0x38 build/system_stm32f10x.o
 .debug_aranges
                0x00000128       0x40 build/misc.o
 .debug_aranges
                0x00000168       0xa8 build/stm32f10x_gpio.o
 .debug_aranges
                0x00000210      0x118 build/stm32f10x_rcc.o
 .debug_aranges
                0x00000328      0x100 build/stm32f10x_usart.o
 .debug_aranges
                0x00000428      0x2f0 build/stm32f10x_tim.o
 .debug_aranges
                0x00000718      0x138 build/stm32f10x_adc.o
 .debug_aranges
                0x00000850       0x28 build/startup_stm32f103xb.o

.debug_ranges   0x00000000      0x7e0
 .debug_ranges  0x00000000       0x80 build/main.o
 .debug_ranges  0x00000080       0x50 build/stm32f10x_it.o
 .debug_ranges  0x000000d0       0x28 build/system_stm32f10x.o
 .debug_ranges  0x000000f8       0x30 build/misc.o
 .debug_ranges  0x00000128       0x98 build/stm32f10x_gpio.o
 .debug_ranges  0x000001c0      0x108 build/stm32f10x_rcc.o
 .debug_ranges  0x000002c8       0xf0 build/stm32f10x_usart.o
 .debug_ranges  0x000003b8      0x2e0 build/stm32f10x_tim.o
 .debug_ranges  0x00000698      0x128 build/stm32f10x_adc.o
 .debug_ranges  0x000007c0       0x20 build/startup_stm32f103xb.o

.debug_line     0x00000000     0x3edd
 .debug_line    0x00000000      0x7d0 build/main.o
 .debug_line    0x000007d0      0x237 build/stm32f10x_it.o
 .debug_line    0x00000a07      0x313 build/system_stm32f10x.o
 .debug_line    0x00000d1a      0x2da build/misc.o
 .debug_line    0x00000ff4      0x5cc build/stm32f10x_gpio.o
 .debug_line    0x000015c0      0x767 build/stm32f10x_rcc.o
 .debug_line    0x00001d27      0x713 build/stm32f10x_usart.o
 .debug_line    0x0000243a     0x11d9 build/stm32f10x_tim.o
 .debug_line    0x00003613      0x858 build/stm32f10x_adc.o
 .debug_line    0x00003e6b       0x72 build/startup_stm32f103xb.o

.debug_str      0x00000000     0x2997
 .debug_str     0x00000000      0xdaf build/main.o
                                0xe50 (size before relaxing)
 .debug_str     0x00000daf       0xa3 build/stm32f10x_it.o
                                0x274 (size before relaxing)
 .debug_str     0x00000e52      0x136 build/system_stm32f10x.o
                                0x350 (size before relaxing)
 .debug_str     0x00000f88      0x151 build/misc.o
                                0x451 (size before relaxing)
 .debug_str     0x000010d9      0x266 build/stm32f10x_gpio.o
                                0x5ac (size before relaxing)
 .debug_str     0x0000133f      0x3de build/stm32f10x_rcc.o
                                0x6ad (size before relaxing)
 .debug_str     0x0000171d      0x39f build/stm32f10x_usart.o
                                0x723 (size before relaxing)
 .debug_str     0x00001abc      0xa55 build/stm32f10x_tim.o
                                0xe70 (size before relaxing)
 .debug_str     0x00002511      0x462 build/stm32f10x_adc.o
                                0x78e (size before relaxing)
 .debug_str     0x00002973       0x24 build/startup_stm32f103xb.o
                                 0xa0 (size before relaxing)

.comment        0x00000000       0x4c
 .comment       0x00000000       0x4c build/main.o
                                 0x4d (size before relaxing)
 .comment       0x0000004c       0x4d build/stm32f10x_it.o
 .comment       0x0000004c       0x4d build/system_stm32f10x.o
 .comment       0x0000004c       0x4d build/misc.o
 .comment       0x0000004c       0x4d build/stm32f10x_gpio.o
 .comment       0x0000004c       0x4d build/stm32f10x_rcc.o
 .comment       0x0000004c       0x4d build/stm32f10x_usart.o
 .comment       0x0000004c       0x4d build/stm32f10x_tim.o
 .comment       0x0000004c       0x4d build/stm32f10x_adc.o

.debug_frame    0x00000000     0x25c8
 .debug_frame   0x00000000      0x20c build/main.o
 .debug_frame   0x0000020c      0x110 build/stm32f10x_it.o
 .debug_frame   0x0000031c       0x98 build/system_stm32f10x.o
 .debug_frame   0x000003b4       0xd8 build/misc.o
 .debug_frame   0x0000048c      0x2d0 build/stm32f10x_gpio.o
 .debug_frame   0x0000075c      0x4f4 build/stm32f10x_rcc.o
 .debug_frame   0x00000c50      0x490 build/stm32f10x_usart.o
 .debug_frame   0x000010e0      0xe2c build/stm32f10x_tim.o
 .debug_frame   0x00001f0c      0x5a4 build/stm32f10x_adc.o
 .debug_frame   0x000024b0       0x2c c:/program files (x86)/gnu arm embedded toolchain/9 2020-q2-update/bin/../lib/gcc/arm-none-eabi/9.3.1/../../../../arm-none-eabi/lib/thumb/v7-m/nofp\libc_nano.a(lib_a-init.o)
 .debug_frame   0x000024dc       0x28 c:/program files (x86)/gnu arm embedded toolchain/9 2020-q2-update/bin/../lib/gcc/arm-none-eabi/9.3.1/../../../../arm-none-eabi/lib/thumb/v7-m/nofp\libc_nano.a(lib_a-strncmp.o)
 .debug_frame   0x00002504       0x30 c:/program files (x86)/gnu arm embedded toolchain/9 2020-q2-update/bin/../lib/gcc/arm-none-eabi/9.3.1/../../../../arm-none-eabi/lib/thumb/v7-m/nofp\libc_nano.a(lib_a-strstr.o)
 .debug_frame   0x00002534       0x24 c:/program files (x86)/gnu arm embedded toolchain/9 2020-q2-update/bin/../lib/gcc/arm-none-eabi/9.3.1/thumb/v7-m/nofp\libgcc.a(_arm_mulsf3.o)
 .debug_frame   0x00002558       0x4c c:/program files (x86)/gnu arm embedded toolchain/9 2020-q2-update/bin/../lib/gcc/arm-none-eabi/9.3.1/thumb/v7-m/nofp\libgcc.a(_arm_addsubsf3.o)
 .debug_frame   0x000025a4       0x24 c:/program files (x86)/gnu arm embedded toolchain/9 2020-q2-update/bin/../lib/gcc/arm-none-eabi/9.3.1/thumb/v7-m/nofp\libgcc.a(_arm_fixsfsi.o)

Cross Reference Table

Symbol                                            File
ADC1_2_IRQHandler                                 build/startup_stm32f103xb.o
ADC_AnalogWatchdogCmd                             build/stm32f10x_adc.o
ADC_AnalogWatchdogSingleChannelConfig             build/stm32f10x_adc.o
ADC_AnalogWatchdogThresholdsConfig                build/stm32f10x_adc.o
ADC_AutoInjectedConvCmd                           build/stm32f10x_adc.o
ADC_ClearFlag                                     build/stm32f10x_adc.o
ADC_ClearITPendingBit                             build/stm32f10x_adc.o
ADC_Cmd                                           build/stm32f10x_adc.o
                                                  build/main.o
ADC_DMACmd                                        build/stm32f10x_adc.o
ADC_DeInit                                        build/stm32f10x_adc.o
ADC_DiscModeChannelCountConfig                    build/stm32f10x_adc.o
ADC_DiscModeCmd                                   build/stm32f10x_adc.o
ADC_ExternalTrigConvCmd                           build/stm32f10x_adc.o
ADC_ExternalTrigInjectedConvCmd                   build/stm32f10x_adc.o
ADC_ExternalTrigInjectedConvConfig                build/stm32f10x_adc.o
ADC_GetCalibrationStatus                          build/stm32f10x_adc.o
                                                  build/main.o
ADC_GetConversionValue                            build/stm32f10x_adc.o
                                                  build/main.o
ADC_GetDualModeConversionValue                    build/stm32f10x_adc.o
ADC_GetFlagStatus                                 build/stm32f10x_adc.o
ADC_GetITStatus                                   build/stm32f10x_adc.o
ADC_GetInjectedConversionValue                    build/stm32f10x_adc.o
ADC_GetResetCalibrationStatus                     build/stm32f10x_adc.o
                                                  build/main.o
ADC_GetSoftwareStartConvStatus                    build/stm32f10x_adc.o
ADC_GetSoftwareStartInjectedConvCmdStatus         build/stm32f10x_adc.o
ADC_ITConfig                                      build/stm32f10x_adc.o
ADC_Init                                          build/stm32f10x_adc.o
                                                  build/main.o
ADC_InjectedChannelConfig                         build/stm32f10x_adc.o
ADC_InjectedDiscModeCmd                           build/stm32f10x_adc.o
ADC_InjectedSequencerLengthConfig                 build/stm32f10x_adc.o
ADC_RegularChannelConfig                          build/stm32f10x_adc.o
                                                  build/main.o
ADC_ResetCalibration                              build/stm32f10x_adc.o
                                                  build/main.o
ADC_SetInjectedOffset                             build/stm32f10x_adc.o
ADC_SoftwareStartConvCmd                          build/stm32f10x_adc.o
                                                  build/main.o
ADC_SoftwareStartInjectedConvCmd                  build/stm32f10x_adc.o
ADC_StartCalibration                              build/stm32f10x_adc.o
                                                  build/main.o
ADC_StructInit                                    build/stm32f10x_adc.o
ADC_TempSensorVrefintCmd                          build/stm32f10x_adc.o
                                                  build/main.o
AHBPrescTable                                     build/system_stm32f10x.o
ATinit                                            build/main.o
BusFault_Handler                                  build/stm32f10x_it.o
CAN1_RX1_IRQHandler                               build/startup_stm32f103xb.o
CAN1_SCE_IRQHandler                               build/startup_stm32f103xb.o
DMA1_Channel1_IRQHandler                          build/startup_stm32f103xb.o
DMA1_Channel2_IRQHandler                          build/startup_stm32f103xb.o
DMA1_Channel3_IRQHandler                          build/startup_stm32f103xb.o
DMA1_Channel4_IRQHandler                          build/startup_stm32f103xb.o
DMA1_Channel5_IRQHandler                          build/startup_stm32f103xb.o
DMA1_Channel6_IRQHandler                          build/startup_stm32f103xb.o
DMA1_Channel7_IRQHandler                          build/startup_stm32f103xb.o
DebugMon_Handler                                  build/stm32f10x_it.o
Default_Handler                                   build/startup_stm32f103xb.o
EXTI0_IRQHandler                                  build/startup_stm32f103xb.o
EXTI15_10_IRQHandler                              build/startup_stm32f103xb.o
EXTI1_IRQHandler                                  build/startup_stm32f103xb.o
EXTI2_IRQHandler                                  build/startup_stm32f103xb.o
EXTI3_IRQHandler                                  build/startup_stm32f103xb.o
EXTI4_IRQHandler                                  build/startup_stm32f103xb.o
EXTI9_5_IRQHandler                                build/startup_stm32f103xb.o
FLASH_IRQHandler                                  build/startup_stm32f103xb.o
GPIO_AFIODeInit                                   build/stm32f10x_gpio.o
GPIO_DeInit                                       build/stm32f10x_gpio.o
GPIO_ETH_MediaInterfaceConfig                     build/stm32f10x_gpio.o
GPIO_EXTILineConfig                               build/stm32f10x_gpio.o
GPIO_EventOutputCmd                               build/stm32f10x_gpio.o
GPIO_EventOutputConfig                            build/stm32f10x_gpio.o
GPIO_Init                                         build/stm32f10x_gpio.o
                                                  build/main.o
GPIO_PinLockConfig                                build/stm32f10x_gpio.o
GPIO_PinRemapConfig                               build/stm32f10x_gpio.o
GPIO_ReadInputData                                build/stm32f10x_gpio.o
GPIO_ReadInputDataBit                             build/stm32f10x_gpio.o
                                                  build/main.o
GPIO_ReadOutputData                               build/stm32f10x_gpio.o
GPIO_ReadOutputDataBit                            build/stm32f10x_gpio.o
GPIO_ResetBits                                    build/stm32f10x_gpio.o
                                                  build/main.o
GPIO_SetBits                                      build/stm32f10x_gpio.o
                                                  build/main.o
GPIO_StructInit                                   build/stm32f10x_gpio.o
GPIO_Write                                        build/stm32f10x_gpio.o
GPIO_WriteBit                                     build/stm32f10x_gpio.o
HardFault_Handler                                 build/stm32f10x_it.o
I2C1_ER_IRQHandler                                build/startup_stm32f103xb.o
I2C1_EV_IRQHandler                                build/startup_stm32f103xb.o
I2C2_ER_IRQHandler                                build/startup_stm32f103xb.o
I2C2_EV_IRQHandler                                build/startup_stm32f103xb.o
MemManage_Handler                                 build/stm32f10x_it.o
NMI_Handler                                       build/stm32f10x_it.o
NVIC_Init                                         build/misc.o
                                                  build/main.o
NVIC_PriorityGroupConfig                          build/misc.o
NVIC_SetVectorTable                               build/misc.o
NVIC_SystemLPConfig                               build/misc.o
PVD_IRQHandler                                    build/startup_stm32f103xb.o
PendSV_Handler                                    build/stm32f10x_it.o
RCC_ADCCLKConfig                                  build/stm32f10x_rcc.o
RCC_AHBPeriphClockCmd                             build/stm32f10x_rcc.o
RCC_APB1PeriphClockCmd                            build/stm32f10x_rcc.o
                                                  build/main.o
RCC_APB1PeriphResetCmd                            build/stm32f10x_rcc.o
                                                  build/stm32f10x_tim.o
                                                  build/stm32f10x_usart.o
RCC_APB2PeriphClockCmd                            build/stm32f10x_rcc.o
                                                  build/main.o
RCC_APB2PeriphResetCmd                            build/stm32f10x_rcc.o
                                                  build/stm32f10x_adc.o
                                                  build/stm32f10x_tim.o
                                                  build/stm32f10x_usart.o
                                                  build/stm32f10x_gpio.o
RCC_AdjustHSICalibrationValue                     build/stm32f10x_rcc.o
RCC_BackupResetCmd                                build/stm32f10x_rcc.o
RCC_ClearFlag                                     build/stm32f10x_rcc.o
RCC_ClearITPendingBit                             build/stm32f10x_rcc.o
RCC_ClockSecuritySystemCmd                        build/stm32f10x_rcc.o
RCC_DeInit                                        build/stm32f10x_rcc.o
RCC_GetClocksFreq                                 build/stm32f10x_rcc.o
                                                  build/stm32f10x_usart.o
RCC_GetFlagStatus                                 build/stm32f10x_rcc.o
RCC_GetITStatus                                   build/stm32f10x_rcc.o
RCC_GetSYSCLKSource                               build/stm32f10x_rcc.o
RCC_HCLKConfig                                    build/stm32f10x_rcc.o
RCC_HSEConfig                                     build/stm32f10x_rcc.o
RCC_HSICmd                                        build/stm32f10x_rcc.o
RCC_IRQHandler                                    build/startup_stm32f103xb.o
RCC_ITConfig                                      build/stm32f10x_rcc.o
RCC_LSEConfig                                     build/stm32f10x_rcc.o
RCC_LSICmd                                        build/stm32f10x_rcc.o
RCC_MCOConfig                                     build/stm32f10x_rcc.o
RCC_PCLK1Config                                   build/stm32f10x_rcc.o
RCC_PCLK2Config                                   build/stm32f10x_rcc.o
RCC_PLLCmd                                        build/stm32f10x_rcc.o
RCC_PLLConfig                                     build/stm32f10x_rcc.o
RCC_RTCCLKCmd                                     build/stm32f10x_rcc.o
RCC_RTCCLKConfig                                  build/stm32f10x_rcc.o
RCC_SYSCLKConfig                                  build/stm32f10x_rcc.o
RCC_USBCLKConfig                                  build/stm32f10x_rcc.o
RCC_WaitForHSEStartUp                             build/stm32f10x_rcc.o
RTC_Alarm_IRQHandler                              build/startup_stm32f103xb.o
RTC_IRQHandler                                    build/startup_stm32f103xb.o
Reset_Handler                                     build/startup_stm32f103xb.o
SPI1_IRQHandler                                   build/startup_stm32f103xb.o
SPI2_IRQHandler                                   build/startup_stm32f103xb.o
SVC_Handler                                       build/stm32f10x_it.o
SysTick_CLKSourceConfig                           build/misc.o
SysTick_Handler                                   build/stm32f10x_it.o
SystemCoreClock                                   build/system_stm32f10x.o
SystemCoreClockUpdate                             build/system_stm32f10x.o
SystemInit                                        build/system_stm32f10x.o
                                                  build/startup_stm32f103xb.o
TAMPER_IRQHandler                                 build/startup_stm32f103xb.o
TIM1_BRK_IRQHandler                               build/startup_stm32f103xb.o
TIM1_CC_IRQHandler                                build/startup_stm32f103xb.o
TIM1_TRG_COM_IRQHandler                           build/startup_stm32f103xb.o
TIM1_UP_IRQHandler                                build/startup_stm32f103xb.o
TIM2_IRQHandler                                   build/startup_stm32f103xb.o
TIM3_IRQHandler                                   build/startup_stm32f103xb.o
TIM4_IRQHandler                                   build/startup_stm32f103xb.o
TIM_ARRPreloadConfig                              build/stm32f10x_tim.o
TIM_BDTRConfig                                    build/stm32f10x_tim.o
TIM_BDTRStructInit                                build/stm32f10x_tim.o
TIM_CCPreloadControl                              build/stm32f10x_tim.o
TIM_CCxCmd                                        build/stm32f10x_tim.o
TIM_CCxNCmd                                       build/stm32f10x_tim.o
TIM_ClearFlag                                     build/stm32f10x_tim.o
TIM_ClearITPendingBit                             build/stm32f10x_tim.o
TIM_ClearOC1Ref                                   build/stm32f10x_tim.o
TIM_ClearOC2Ref                                   build/stm32f10x_tim.o
TIM_ClearOC3Ref                                   build/stm32f10x_tim.o
TIM_ClearOC4Ref                                   build/stm32f10x_tim.o
TIM_Cmd                                           build/stm32f10x_tim.o
                                                  build/main.o
TIM_CounterModeConfig                             build/stm32f10x_tim.o
TIM_CtrlPWMOutputs                                build/stm32f10x_tim.o
TIM_DMACmd                                        build/stm32f10x_tim.o
TIM_DMAConfig                                     build/stm32f10x_tim.o
TIM_DeInit                                        build/stm32f10x_tim.o
TIM_ETRClockMode1Config                           build/stm32f10x_tim.o
TIM_ETRClockMode2Config                           build/stm32f10x_tim.o
TIM_ETRConfig                                     build/stm32f10x_tim.o
TIM_EncoderInterfaceConfig                        build/stm32f10x_tim.o
TIM_ForcedOC1Config                               build/stm32f10x_tim.o
TIM_ForcedOC2Config                               build/stm32f10x_tim.o
TIM_ForcedOC3Config                               build/stm32f10x_tim.o
TIM_ForcedOC4Config                               build/stm32f10x_tim.o
TIM_GenerateEvent                                 build/stm32f10x_tim.o
TIM_GetCapture1                                   build/stm32f10x_tim.o
TIM_GetCapture2                                   build/stm32f10x_tim.o
TIM_GetCapture3                                   build/stm32f10x_tim.o
TIM_GetCapture4                                   build/stm32f10x_tim.o
TIM_GetCounter                                    build/stm32f10x_tim.o
                                                  build/main.o
TIM_GetFlagStatus                                 build/stm32f10x_tim.o
TIM_GetITStatus                                   build/stm32f10x_tim.o
TIM_GetPrescaler                                  build/stm32f10x_tim.o
TIM_ICInit                                        build/stm32f10x_tim.o
TIM_ICStructInit                                  build/stm32f10x_tim.o
TIM_ITConfig                                      build/stm32f10x_tim.o
TIM_ITRxExternalClockConfig                       build/stm32f10x_tim.o
TIM_InternalClockConfig                           build/stm32f10x_tim.o
TIM_OC1FastConfig                                 build/stm32f10x_tim.o
TIM_OC1Init                                       build/stm32f10x_tim.o
TIM_OC1NPolarityConfig                            build/stm32f10x_tim.o
TIM_OC1PolarityConfig                             build/stm32f10x_tim.o
TIM_OC1PreloadConfig                              build/stm32f10x_tim.o
TIM_OC2FastConfig                                 build/stm32f10x_tim.o
TIM_OC2Init                                       build/stm32f10x_tim.o
TIM_OC2NPolarityConfig                            build/stm32f10x_tim.o
TIM_OC2PolarityConfig                             build/stm32f10x_tim.o
TIM_OC2PreloadConfig                              build/stm32f10x_tim.o
TIM_OC3FastConfig                                 build/stm32f10x_tim.o
TIM_OC3Init                                       build/stm32f10x_tim.o
TIM_OC3NPolarityConfig                            build/stm32f10x_tim.o
TIM_OC3PolarityConfig                             build/stm32f10x_tim.o
TIM_OC3PreloadConfig                              build/stm32f10x_tim.o
TIM_OC4FastConfig                                 build/stm32f10x_tim.o
TIM_OC4Init                                       build/stm32f10x_tim.o
TIM_OC4PolarityConfig                             build/stm32f10x_tim.o
TIM_OC4PreloadConfig                              build/stm32f10x_tim.o
TIM_OCStructInit                                  build/stm32f10x_tim.o
TIM_PWMIConfig                                    build/stm32f10x_tim.o
TIM_PrescalerConfig                               build/stm32f10x_tim.o
TIM_SelectCCDMA                                   build/stm32f10x_tim.o
TIM_SelectCOM                                     build/stm32f10x_tim.o
TIM_SelectHallSensor                              build/stm32f10x_tim.o
TIM_SelectInputTrigger                            build/stm32f10x_tim.o
TIM_SelectMasterSlaveMode                         build/stm32f10x_tim.o
TIM_SelectOCxM                                    build/stm32f10x_tim.o
TIM_SelectOnePulseMode                            build/stm32f10x_tim.o
TIM_SelectOutputTrigger                           build/stm32f10x_tim.o
TIM_SelectSlaveMode                               build/stm32f10x_tim.o
TIM_SetAutoreload                                 build/stm32f10x_tim.o
TIM_SetClockDivision                              build/stm32f10x_tim.o
TIM_SetCompare1                                   build/stm32f10x_tim.o
TIM_SetCompare2                                   build/stm32f10x_tim.o
TIM_SetCompare3                                   build/stm32f10x_tim.o
TIM_SetCompare4                                   build/stm32f10x_tim.o
TIM_SetCounter                                    build/stm32f10x_tim.o
                                                  build/main.o
TIM_SetIC1Prescaler                               build/stm32f10x_tim.o
TIM_SetIC2Prescaler                               build/stm32f10x_tim.o
TIM_SetIC3Prescaler                               build/stm32f10x_tim.o
TIM_SetIC4Prescaler                               build/stm32f10x_tim.o
TIM_TIxExternalClockConfig                        build/stm32f10x_tim.o
TIM_TimeBaseInit                                  build/stm32f10x_tim.o
                                                  build/main.o
TIM_TimeBaseStructInit                            build/stm32f10x_tim.o
TIM_UpdateDisableConfig                           build/stm32f10x_tim.o
TIM_UpdateRequestConfig                           build/stm32f10x_tim.o
UART_Write                                        build/main.o
UART_Write_Text                                   build/main.o
USART1_IRQHandler                                 build/startup_stm32f103xb.o
USART2_IRQHandler                                 build/main.o
USART3_IRQHandler                                 build/startup_stm32f103xb.o
USART_ClearFlag                                   build/stm32f10x_usart.o
USART_ClearITPendingBit                           build/stm32f10x_usart.o
USART_ClockInit                                   build/stm32f10x_usart.o
USART_ClockStructInit                             build/stm32f10x_usart.o
USART_Cmd                                         build/stm32f10x_usart.o
                                                  build/main.o
USART_DMACmd                                      build/stm32f10x_usart.o
USART_DeInit                                      build/stm32f10x_usart.o
USART_GetFlagStatus                               build/stm32f10x_usart.o
                                                  build/main.o
USART_GetITStatus                                 build/stm32f10x_usart.o
                                                  build/main.o
USART_HalfDuplexCmd                               build/stm32f10x_usart.o
USART_ITConfig                                    build/stm32f10x_usart.o
                                                  build/main.o
USART_Init                                        build/stm32f10x_usart.o
                                                  build/main.o
USART_IrDACmd                                     build/stm32f10x_usart.o
USART_IrDAConfig                                  build/stm32f10x_usart.o
USART_LINBreakDetectLengthConfig                  build/stm32f10x_usart.o
USART_LINCmd                                      build/stm32f10x_usart.o
USART_OneBitMethodCmd                             build/stm32f10x_usart.o
USART_OverSampling8Cmd                            build/stm32f10x_usart.o
USART_ReceiveData                                 build/stm32f10x_usart.o
USART_ReceiverWakeUpCmd                           build/stm32f10x_usart.o
USART_SendBreak                                   build/stm32f10x_usart.o
USART_SendData                                    build/stm32f10x_usart.o
                                                  build/main.o
USART_SetAddress                                  build/stm32f10x_usart.o
USART_SetGuardTime                                build/stm32f10x_usart.o
USART_SetPrescaler                                build/stm32f10x_usart.o
USART_SmartCardCmd                                build/stm32f10x_usart.o
USART_SmartCardNACKCmd                            build/stm32f10x_usart.o
USART_StructInit                                  build/stm32f10x_usart.o
USART_WakeUpConfig                                build/stm32f10x_usart.o
USBWakeUp_IRQHandler                              build/startup_stm32f103xb.o
USB_HP_CAN1_TX_IRQHandler                         build/startup_stm32f103xb.o
USB_LP_CAN1_RX0_IRQHandler                        build/startup_stm32f103xb.o
UsageFault_Handler                                build/stm32f10x_it.o
WWDG_IRQHandler                                   build/startup_stm32f103xb.o
__addsf3                                          c:/program files (x86)/gnu arm embedded toolchain/9 2020-q2-update/bin/../lib/gcc/arm-none-eabi/9.3.1/thumb/v7-m/nofp\libgcc.a(_arm_addsubsf3.o)
__aeabi_f2iz                                      c:/program files (x86)/gnu arm embedded toolchain/9 2020-q2-update/bin/../lib/gcc/arm-none-eabi/9.3.1/thumb/v7-m/nofp\libgcc.a(_arm_fixsfsi.o)
                                                  build/main.o
__aeabi_fadd                                      c:/program files (x86)/gnu arm embedded toolchain/9 2020-q2-update/bin/../lib/gcc/arm-none-eabi/9.3.1/thumb/v7-m/nofp\libgcc.a(_arm_addsubsf3.o)
__aeabi_fmul                                      c:/program files (x86)/gnu arm embedded toolchain/9 2020-q2-update/bin/../lib/gcc/arm-none-eabi/9.3.1/thumb/v7-m/nofp\libgcc.a(_arm_mulsf3.o)
                                                  build/main.o
__aeabi_frsub                                     c:/program files (x86)/gnu arm embedded toolchain/9 2020-q2-update/bin/../lib/gcc/arm-none-eabi/9.3.1/thumb/v7-m/nofp\libgcc.a(_arm_addsubsf3.o)
__aeabi_fsub                                      c:/program files (x86)/gnu arm embedded toolchain/9 2020-q2-update/bin/../lib/gcc/arm-none-eabi/9.3.1/thumb/v7-m/nofp\libgcc.a(_arm_addsubsf3.o)
                                                  build/main.o
__aeabi_i2f                                       c:/program files (x86)/gnu arm embedded toolchain/9 2020-q2-update/bin/../lib/gcc/arm-none-eabi/9.3.1/thumb/v7-m/nofp\libgcc.a(_arm_addsubsf3.o)
                                                  build/main.o
__aeabi_l2f                                       c:/program files (x86)/gnu arm embedded toolchain/9 2020-q2-update/bin/../lib/gcc/arm-none-eabi/9.3.1/thumb/v7-m/nofp\libgcc.a(_arm_addsubsf3.o)
__aeabi_ui2f                                      c:/program files (x86)/gnu arm embedded toolchain/9 2020-q2-update/bin/../lib/gcc/arm-none-eabi/9.3.1/thumb/v7-m/nofp\libgcc.a(_arm_addsubsf3.o)
__aeabi_ul2f                                      c:/program files (x86)/gnu arm embedded toolchain/9 2020-q2-update/bin/../lib/gcc/arm-none-eabi/9.3.1/thumb/v7-m/nofp\libgcc.a(_arm_addsubsf3.o)
__bss_end__                                       c:/program files (x86)/gnu arm embedded toolchain/9 2020-q2-update/bin/../lib/gcc/arm-none-eabi/9.3.1/../../../../arm-none-eabi/lib/thumb/v7-m/nofp/crt0.o
__bss_start__                                     c:/program files (x86)/gnu arm embedded toolchain/9 2020-q2-update/bin/../lib/gcc/arm-none-eabi/9.3.1/../../../../arm-none-eabi/lib/thumb/v7-m/nofp/crt0.o
__call_exitprocs                                  c:/program files (x86)/gnu arm embedded toolchain/9 2020-q2-update/bin/../lib/gcc/arm-none-eabi/9.3.1/../../../../arm-none-eabi/lib/thumb/v7-m/nofp\libc_nano.a(lib_a-exit.o)
__deregister_frame_info                           c:/program files (x86)/gnu arm embedded toolchain/9 2020-q2-update/bin/../lib/gcc/arm-none-eabi/9.3.1/thumb/v7-m/nofp/crtbegin.o
__dso_handle                                      c:/program files (x86)/gnu arm embedded toolchain/9 2020-q2-update/bin/../lib/gcc/arm-none-eabi/9.3.1/thumb/v7-m/nofp/crtbegin.o
__fixsfsi                                         c:/program files (x86)/gnu arm embedded toolchain/9 2020-q2-update/bin/../lib/gcc/arm-none-eabi/9.3.1/thumb/v7-m/nofp\libgcc.a(_arm_fixsfsi.o)
__floatdisf                                       c:/program files (x86)/gnu arm embedded toolchain/9 2020-q2-update/bin/../lib/gcc/arm-none-eabi/9.3.1/thumb/v7-m/nofp\libgcc.a(_arm_addsubsf3.o)
__floatsisf                                       c:/program files (x86)/gnu arm embedded toolchain/9 2020-q2-update/bin/../lib/gcc/arm-none-eabi/9.3.1/thumb/v7-m/nofp\libgcc.a(_arm_addsubsf3.o)
__floatundisf                                     c:/program files (x86)/gnu arm embedded toolchain/9 2020-q2-update/bin/../lib/gcc/arm-none-eabi/9.3.1/thumb/v7-m/nofp\libgcc.a(_arm_addsubsf3.o)
__floatunsisf                                     c:/program files (x86)/gnu arm embedded toolchain/9 2020-q2-update/bin/../lib/gcc/arm-none-eabi/9.3.1/thumb/v7-m/nofp\libgcc.a(_arm_addsubsf3.o)
__init_array_end                                  c:/program files (x86)/gnu arm embedded toolchain/9 2020-q2-update/bin/../lib/gcc/arm-none-eabi/9.3.1/../../../../arm-none-eabi/lib/thumb/v7-m/nofp\libc_nano.a(lib_a-init.o)
__init_array_start                                c:/program files (x86)/gnu arm embedded toolchain/9 2020-q2-update/bin/../lib/gcc/arm-none-eabi/9.3.1/../../../../arm-none-eabi/lib/thumb/v7-m/nofp\libc_nano.a(lib_a-init.o)
__libc_fini_array                                 c:/program files (x86)/gnu arm embedded toolchain/9 2020-q2-update/bin/../lib/gcc/arm-none-eabi/9.3.1/../../../../arm-none-eabi/lib/thumb/v7-m/nofp/crt0.o
__libc_init_array                                 c:/program files (x86)/gnu arm embedded toolchain/9 2020-q2-update/bin/../lib/gcc/arm-none-eabi/9.3.1/../../../../arm-none-eabi/lib/thumb/v7-m/nofp\libc_nano.a(lib_a-init.o)
                                                  build/startup_stm32f103xb.o
                                                  c:/program files (x86)/gnu arm embedded toolchain/9 2020-q2-update/bin/../lib/gcc/arm-none-eabi/9.3.1/../../../../arm-none-eabi/lib/thumb/v7-m/nofp/crt0.o
__mulsf3                                          c:/program files (x86)/gnu arm embedded toolchain/9 2020-q2-update/bin/../lib/gcc/arm-none-eabi/9.3.1/thumb/v7-m/nofp\libgcc.a(_arm_mulsf3.o)
__preinit_array_end                               c:/program files (x86)/gnu arm embedded toolchain/9 2020-q2-update/bin/../lib/gcc/arm-none-eabi/9.3.1/../../../../arm-none-eabi/lib/thumb/v7-m/nofp\libc_nano.a(lib_a-init.o)
__preinit_array_start                             c:/program files (x86)/gnu arm embedded toolchain/9 2020-q2-update/bin/../lib/gcc/arm-none-eabi/9.3.1/../../../../arm-none-eabi/lib/thumb/v7-m/nofp\libc_nano.a(lib_a-init.o)
__register_frame_info                             c:/program files (x86)/gnu arm embedded toolchain/9 2020-q2-update/bin/../lib/gcc/arm-none-eabi/9.3.1/thumb/v7-m/nofp/crtbegin.o
__sf_fake_stderr                                  c:/program files (x86)/gnu arm embedded toolchain/9 2020-q2-update/bin/../lib/gcc/arm-none-eabi/9.3.1/../../../../arm-none-eabi/lib/thumb/v7-m/nofp\libc_nano.a(lib_a-impure.o)
__sf_fake_stdin                                   c:/program files (x86)/gnu arm embedded toolchain/9 2020-q2-update/bin/../lib/gcc/arm-none-eabi/9.3.1/../../../../arm-none-eabi/lib/thumb/v7-m/nofp\libc_nano.a(lib_a-impure.o)
__sf_fake_stdout                                  c:/program files (x86)/gnu arm embedded toolchain/9 2020-q2-update/bin/../lib/gcc/arm-none-eabi/9.3.1/../../../../arm-none-eabi/lib/thumb/v7-m/nofp\libc_nano.a(lib_a-impure.o)
__stack                                           c:/program files (x86)/gnu arm embedded toolchain/9 2020-q2-update/bin/../lib/gcc/arm-none-eabi/9.3.1/../../../../arm-none-eabi/lib/thumb/v7-m/nofp/crt0.o
__subsf3                                          c:/program files (x86)/gnu arm embedded toolchain/9 2020-q2-update/bin/../lib/gcc/arm-none-eabi/9.3.1/thumb/v7-m/nofp\libgcc.a(_arm_addsubsf3.o)
_ebss                                             build/startup_stm32f103xb.o
_edata                                            build/startup_stm32f103xb.o
_estack                                           build/startup_stm32f103xb.o
_exit                                             c:/program files (x86)/gnu arm embedded toolchain/9 2020-q2-update/bin/../lib/gcc/arm-none-eabi/9.3.1/../../../../arm-none-eabi/lib/thumb/v7-m/nofp\libnosys.a(_exit.o)
                                                  c:/program files (x86)/gnu arm embedded toolchain/9 2020-q2-update/bin/../lib/gcc/arm-none-eabi/9.3.1/../../../../arm-none-eabi/lib/thumb/v7-m/nofp\libc_nano.a(lib_a-exit.o)
_fini                                             c:/program files (x86)/gnu arm embedded toolchain/9 2020-q2-update/bin/../lib/gcc/arm-none-eabi/9.3.1/thumb/v7-m/nofp/crti.o
_global_impure_ptr                                c:/program files (x86)/gnu arm embedded toolchain/9 2020-q2-update/bin/../lib/gcc/arm-none-eabi/9.3.1/../../../../arm-none-eabi/lib/thumb/v7-m/nofp\libc_nano.a(lib_a-impure.o)
                                                  c:/program files (x86)/gnu arm embedded toolchain/9 2020-q2-update/bin/../lib/gcc/arm-none-eabi/9.3.1/../../../../arm-none-eabi/lib/thumb/v7-m/nofp\libc_nano.a(lib_a-exit.o)
_impure_ptr                                       c:/program files (x86)/gnu arm embedded toolchain/9 2020-q2-update/bin/../lib/gcc/arm-none-eabi/9.3.1/../../../../arm-none-eabi/lib/thumb/v7-m/nofp\libc_nano.a(lib_a-impure.o)
_init                                             c:/program files (x86)/gnu arm embedded toolchain/9 2020-q2-update/bin/../lib/gcc/arm-none-eabi/9.3.1/thumb/v7-m/nofp/crti.o
                                                  c:/program files (x86)/gnu arm embedded toolchain/9 2020-q2-update/bin/../lib/gcc/arm-none-eabi/9.3.1/../../../../arm-none-eabi/lib/thumb/v7-m/nofp\libc_nano.a(lib_a-init.o)
_mainCRTStartup                                   c:/program files (x86)/gnu arm embedded toolchain/9 2020-q2-update/bin/../lib/gcc/arm-none-eabi/9.3.1/../../../../arm-none-eabi/lib/thumb/v7-m/nofp/crt0.o
_sbss                                             build/startup_stm32f103xb.o
_sdata                                            build/startup_stm32f103xb.o
_sidata                                           build/startup_stm32f103xb.o
_stack_init                                       c:/program files (x86)/gnu arm embedded toolchain/9 2020-q2-update/bin/../lib/gcc/arm-none-eabi/9.3.1/../../../../arm-none-eabi/lib/thumb/v7-m/nofp/crt0.o
_start                                            c:/program files (x86)/gnu arm embedded toolchain/9 2020-q2-update/bin/../lib/gcc/arm-none-eabi/9.3.1/../../../../arm-none-eabi/lib/thumb/v7-m/nofp/crt0.o
atexit                                            c:/program files (x86)/gnu arm embedded toolchain/9 2020-q2-update/bin/../lib/gcc/arm-none-eabi/9.3.1/../../../../arm-none-eabi/lib/thumb/v7-m/nofp/crt0.o
buffer                                            build/main.o
clear_buffer                                      build/main.o
delay1ms                                          build/main.o
delayms                                           build/main.o
delayus                                           build/main.o
delete_sms                                        build/main.o
exit                                              c:/program files (x86)/gnu arm embedded toolchain/9 2020-q2-update/bin/../lib/gcc/arm-none-eabi/9.3.1/../../../../arm-none-eabi/lib/thumb/v7-m/nofp\libc_nano.a(lib_a-exit.o)
                                                  c:/program files (x86)/gnu arm embedded toolchain/9 2020-q2-update/bin/../lib/gcc/arm-none-eabi/9.3.1/../../../../arm-none-eabi/lib/thumb/v7-m/nofp/crt0.o
ftos                                              build/main.o
g_pfnVectors                                      build/startup_stm32f103xb.o
hardware_init_hook                                c:/program files (x86)/gnu arm embedded toolchain/9 2020-q2-update/bin/../lib/gcc/arm-none-eabi/9.3.1/../../../../arm-none-eabi/lib/thumb/v7-m/nofp/crt0.o
i                                                 build/main.o
intToStr                                          build/main.o
main                                              build/main.o
                                                  build/startup_stm32f103xb.o
                                                  c:/program files (x86)/gnu arm embedded toolchain/9 2020-q2-update/bin/../lib/gcc/arm-none-eabi/9.3.1/../../../../arm-none-eabi/lib/thumb/v7-m/nofp/crt0.o
memset                                            c:/program files (x86)/gnu arm embedded toolchain/9 2020-q2-update/bin/../lib/gcc/arm-none-eabi/9.3.1/../../../../arm-none-eabi/lib/thumb/v7-m/nofp\libc_nano.a(lib_a-memset.o)
                                                  c:/program files (x86)/gnu arm embedded toolchain/9 2020-q2-update/bin/../lib/gcc/arm-none-eabi/9.3.1/../../../../arm-none-eabi/lib/thumb/v7-m/nofp/crt0.o
mypow                                             build/main.o
new_sms                                           build/main.o
ptr                                               build/main.o
rev                                               build/main.o
rev1                                              build/main.o
rev2                                              build/main.o
rev3                                              build/main.o
rev4                                              build/main.o
reverse                                           build/main.o
send_sms                                          build/main.o
software_init_hook                                c:/program files (x86)/gnu arm embedded toolchain/9 2020-q2-update/bin/../lib/gcc/arm-none-eabi/9.3.1/../../../../arm-none-eabi/lib/thumb/v7-m/nofp/crt0.o
strncmp                                           c:/program files (x86)/gnu arm embedded toolchain/9 2020-q2-update/bin/../lib/gcc/arm-none-eabi/9.3.1/../../../../arm-none-eabi/lib/thumb/v7-m/nofp\libc_nano.a(lib_a-strncmp.o)
                                                  build/main.o
strstr                                            c:/program files (x86)/gnu arm embedded toolchain/9 2020-q2-update/bin/../lib/gcc/arm-none-eabi/9.3.1/../../../../arm-none-eabi/lib/thumb/v7-m/nofp\libc_nano.a(lib_a-strstr.o)
                                                  build/main.o
xbuffer                                           build/main.o
